Archive member included because of file (symbol)

/usr/lib/gcc/avr/4.7.2/avr4/libgcc.a(_divmodhi4.o)
                              bin/lib/lcd.o (__divmodhi4)
/usr/lib/gcc/avr/4.7.2/avr4/libgcc.a(_exit.o)
                              /usr/lib/gcc/avr/4.7.2/../../../avr/lib/avr4/crtm48.o (exit)
/usr/lib/gcc/avr/4.7.2/avr4/libgcc.a(_copy_data.o)
                              bin/main.o (__do_copy_data)
/usr/lib/gcc/avr/4.7.2/avr4/libgcc.a(_clear_bss.o)
                              bin/main.o (__do_clear_bss)
/usr/lib/gcc/avr/4.7.2/avr4/libgcc.a(_udivmodhi4.o)
                              /usr/lib/gcc/avr/4.7.2/avr4/libgcc.a(_divmodhi4.o) (__udivmodhi4)

Allocating common symbols
Common symbol       size              file

SelfTestBuffer      0x40              bin/main.o

Memory Configuration

Name             Origin             Length             Attributes
text             0x00000000         0x00002000         xr
data             0x00800060         0x0000ffa0         rw !x
eeprom           0x00810000         0x00010000         rw !x
fuse             0x00820000         0x00000400         rw !x
lock             0x00830000         0x00000400         rw !x
signature        0x00840000         0x00000400         rw !x
*default*        0x00000000         0xffffffff

Linker script and memory map

Address of section .data set to 0x800100
LOAD /usr/lib/gcc/avr/4.7.2/../../../avr/lib/avr4/crtm48.o
LOAD bin/main.o
LOAD bin/lib/lcd.o
LOAD bin/lib/mfrc522.o
LOAD bin/lib/spi.o
LOAD /usr/lib/gcc/avr/4.7.2/../../../avr/lib/avr4/libm.a
LOAD /usr/lib/gcc/avr/4.7.2/avr4/libgcc.a
LOAD /usr/lib/gcc/avr/4.7.2/../../../avr/lib/avr4/libc.a
LOAD /usr/lib/gcc/avr/4.7.2/avr4/libgcc.a

.hash
 *(.hash)

.dynsym
 *(.dynsym)

.dynstr
 *(.dynstr)

.gnu.version
 *(.gnu.version)

.gnu.version_d
 *(.gnu.version_d)

.gnu.version_r
 *(.gnu.version_r)

.rel.init
 *(.rel.init)

.rela.init
 *(.rela.init)

.rel.text
 *(.rel.text)
 *(.rel.text.*)
 *(.rel.gnu.linkonce.t*)

.rela.text
 *(.rela.text)
 *(.rela.text.*)
 *(.rela.gnu.linkonce.t*)

.rel.fini
 *(.rel.fini)

.rela.fini
 *(.rela.fini)

.rel.rodata
 *(.rel.rodata)
 *(.rel.rodata.*)
 *(.rel.gnu.linkonce.r*)

.rela.rodata
 *(.rela.rodata)
 *(.rela.rodata.*)
 *(.rela.gnu.linkonce.r*)

.rel.data
 *(.rel.data)
 *(.rel.data.*)
 *(.rel.gnu.linkonce.d*)

.rela.data
 *(.rela.data)
 *(.rela.data.*)
 *(.rela.gnu.linkonce.d*)

.rel.ctors
 *(.rel.ctors)

.rela.ctors
 *(.rela.ctors)

.rel.dtors
 *(.rel.dtors)

.rela.dtors
 *(.rela.dtors)

.rel.got
 *(.rel.got)

.rela.got
 *(.rela.got)

.rel.bss
 *(.rel.bss)

.rela.bss
 *(.rela.bss)

.rel.plt
 *(.rel.plt)

.rela.plt
 *(.rela.plt)

.text           0x00000000      0x40e
 *(.vectors)
 .vectors       0x00000000       0x34 /usr/lib/gcc/avr/4.7.2/../../../avr/lib/avr4/crtm48.o
                0x00000000                __vectors
                0x00000000                __vector_default
 *(.vectors)
 *(.progmem.gcc*)
 *(.progmem*)
                0x00000034                . = ALIGN (0x2)
                0x00000034                __trampolines_start = .
 *(.trampolines)
 .trampolines   0x00000034        0x0 linker stubs
 *(.trampolines*)
                0x00000034                __trampolines_end = .
 *(.jumptables)
 *(.jumptables*)
 *(.lowtext)
 *(.lowtext*)
                0x00000034                __ctors_start = .
 *(.ctors)
                0x00000034                __ctors_end = .
                0x00000034                __dtors_start = .
 *(.dtors)
                0x00000034                __dtors_end = .
 SORT(*)(.ctors)
 SORT(*)(.dtors)
 *(.init0)
 .init0         0x00000034        0x0 /usr/lib/gcc/avr/4.7.2/../../../avr/lib/avr4/crtm48.o
                0x00000034                __init
 *(.init0)
 *(.init1)
 *(.init1)
 *(.init2)
 .init2         0x00000034        0xc /usr/lib/gcc/avr/4.7.2/../../../avr/lib/avr4/crtm48.o
 *(.init2)
 *(.init3)
 *(.init3)
 *(.init4)
 .init4         0x00000040       0x16 /usr/lib/gcc/avr/4.7.2/avr4/libgcc.a(_copy_data.o)
                0x00000040                __do_copy_data
 .init4         0x00000056       0x10 /usr/lib/gcc/avr/4.7.2/avr4/libgcc.a(_clear_bss.o)
                0x00000056                __do_clear_bss
 *(.init4)
 *(.init5)
 *(.init5)
 *(.init6)
 *(.init6)
 *(.init7)
 *(.init7)
 *(.init8)
 *(.init8)
 *(.init9)
 .init9         0x00000066        0x4 /usr/lib/gcc/avr/4.7.2/../../../avr/lib/avr4/crtm48.o
 *(.init9)
 *(.text)
 .text          0x0000006a        0x2 /usr/lib/gcc/avr/4.7.2/../../../avr/lib/avr4/crtm48.o
                0x0000006a                __vector_22
                0x0000006a                __vector_1
                0x0000006a                __vector_24
                0x0000006a                __vector_12
                0x0000006a                __bad_interrupt
                0x0000006a                __vector_6
                0x0000006a                __vector_3
                0x0000006a                __vector_23
                0x0000006a                __vector_25
                0x0000006a                __vector_11
                0x0000006a                __vector_13
                0x0000006a                __vector_17
                0x0000006a                __vector_19
                0x0000006a                __vector_7
                0x0000006a                __vector_5
                0x0000006a                __vector_4
                0x0000006a                __vector_9
                0x0000006a                __vector_2
                0x0000006a                __vector_21
                0x0000006a                __vector_15
                0x0000006a                __vector_8
                0x0000006a                __vector_14
                0x0000006a                __vector_10
                0x0000006a                __vector_16
                0x0000006a                __vector_18
                0x0000006a                __vector_20
 .text          0x0000006c        0x0 bin/main.o
 .text          0x0000006c      0x23c bin/lib/lcd.o
                0x0000006c                LCDBusyLoop
                0x000000b8                LCDByte
                0x00000108                LCDInit
                0x0000016e                LCDWriteString
                0x000001b6                LCDWriteInt
                0x00000246                LCDGotoXY
                0x00000268                LCDHexDumpXY
 .text          0x000002a8       0x44 bin/lib/mfrc522.o
                0x000002a8                mfrc522_init
                0x000002aa                mfrc522_write
                0x000002ce                mfrc522_read
                0x000002e6                mfrc522_reset
 .text          0x000002ec       0x16 bin/lib/spi.o
                0x000002ec                spi_init
                0x000002f6                spi_transmit
 .text          0x00000302        0x0 /usr/lib/gcc/avr/4.7.2/avr4/libgcc.a(_divmodhi4.o)
 .text          0x00000302        0x0 /usr/lib/gcc/avr/4.7.2/avr4/libgcc.a(_exit.o)
 .text          0x00000302        0x0 /usr/lib/gcc/avr/4.7.2/avr4/libgcc.a(_copy_data.o)
 .text          0x00000302        0x0 /usr/lib/gcc/avr/4.7.2/avr4/libgcc.a(_clear_bss.o)
 .text          0x00000302        0x0 /usr/lib/gcc/avr/4.7.2/avr4/libgcc.a(_udivmodhi4.o)
                0x00000302                . = ALIGN (0x2)
 *(.text.*)
 .text.startup  0x00000302       0xba bin/main.o
                0x00000302                main
 .text.libgcc.mul
                0x000003bc        0x0 /usr/lib/gcc/avr/4.7.2/avr4/libgcc.a(_divmodhi4.o)
 .text.libgcc.div
                0x000003bc       0x26 /usr/lib/gcc/avr/4.7.2/avr4/libgcc.a(_divmodhi4.o)
                0x000003bc                __divmodhi4
                0x000003bc                _div
 .text.libgcc   0x000003e2        0x0 /usr/lib/gcc/avr/4.7.2/avr4/libgcc.a(_divmodhi4.o)
 .text.libgcc.prologue
                0x000003e2        0x0 /usr/lib/gcc/avr/4.7.2/avr4/libgcc.a(_divmodhi4.o)
 .text.libgcc.builtins
                0x000003e2        0x0 /usr/lib/gcc/avr/4.7.2/avr4/libgcc.a(_divmodhi4.o)
 .text.libgcc.fmul
                0x000003e2        0x0 /usr/lib/gcc/avr/4.7.2/avr4/libgcc.a(_divmodhi4.o)
 .text.libgcc.mul
                0x000003e2        0x0 /usr/lib/gcc/avr/4.7.2/avr4/libgcc.a(_exit.o)
 .text.libgcc.div
                0x000003e2        0x0 /usr/lib/gcc/avr/4.7.2/avr4/libgcc.a(_exit.o)
 .text.libgcc   0x000003e2        0x0 /usr/lib/gcc/avr/4.7.2/avr4/libgcc.a(_exit.o)
 .text.libgcc.prologue
                0x000003e2        0x0 /usr/lib/gcc/avr/4.7.2/avr4/libgcc.a(_exit.o)
 .text.libgcc.builtins
                0x000003e2        0x0 /usr/lib/gcc/avr/4.7.2/avr4/libgcc.a(_exit.o)
 .text.libgcc.fmul
                0x000003e2        0x0 /usr/lib/gcc/avr/4.7.2/avr4/libgcc.a(_exit.o)
 .text.libgcc.mul
                0x000003e2        0x0 /usr/lib/gcc/avr/4.7.2/avr4/libgcc.a(_copy_data.o)
 .text.libgcc.div
                0x000003e2        0x0 /usr/lib/gcc/avr/4.7.2/avr4/libgcc.a(_copy_data.o)
 .text.libgcc   0x000003e2        0x0 /usr/lib/gcc/avr/4.7.2/avr4/libgcc.a(_copy_data.o)
 .text.libgcc.prologue
                0x000003e2        0x0 /usr/lib/gcc/avr/4.7.2/avr4/libgcc.a(_copy_data.o)
 .text.libgcc.builtins
                0x000003e2        0x0 /usr/lib/gcc/avr/4.7.2/avr4/libgcc.a(_copy_data.o)
 .text.libgcc.fmul
                0x000003e2        0x0 /usr/lib/gcc/avr/4.7.2/avr4/libgcc.a(_copy_data.o)
 .text.libgcc.mul
                0x000003e2        0x0 /usr/lib/gcc/avr/4.7.2/avr4/libgcc.a(_clear_bss.o)
 .text.libgcc.div
                0x000003e2        0x0 /usr/lib/gcc/avr/4.7.2/avr4/libgcc.a(_clear_bss.o)
 .text.libgcc   0x000003e2        0x0 /usr/lib/gcc/avr/4.7.2/avr4/libgcc.a(_clear_bss.o)
 .text.libgcc.prologue
                0x000003e2        0x0 /usr/lib/gcc/avr/4.7.2/avr4/libgcc.a(_clear_bss.o)
 .text.libgcc.builtins
                0x000003e2        0x0 /usr/lib/gcc/avr/4.7.2/avr4/libgcc.a(_clear_bss.o)
 .text.libgcc.fmul
                0x000003e2        0x0 /usr/lib/gcc/avr/4.7.2/avr4/libgcc.a(_clear_bss.o)
 .text.libgcc.mul
                0x000003e2        0x0 /usr/lib/gcc/avr/4.7.2/avr4/libgcc.a(_udivmodhi4.o)
 .text.libgcc.div
                0x000003e2       0x28 /usr/lib/gcc/avr/4.7.2/avr4/libgcc.a(_udivmodhi4.o)
                0x000003e2                __udivmodhi4
 .text.libgcc   0x0000040a        0x0 /usr/lib/gcc/avr/4.7.2/avr4/libgcc.a(_udivmodhi4.o)
 .text.libgcc.prologue
                0x0000040a        0x0 /usr/lib/gcc/avr/4.7.2/avr4/libgcc.a(_udivmodhi4.o)
 .text.libgcc.builtins
                0x0000040a        0x0 /usr/lib/gcc/avr/4.7.2/avr4/libgcc.a(_udivmodhi4.o)
 .text.libgcc.fmul
                0x0000040a        0x0 /usr/lib/gcc/avr/4.7.2/avr4/libgcc.a(_udivmodhi4.o)
                0x0000040a                . = ALIGN (0x2)
 *(.fini9)
 .fini9         0x0000040a        0x0 /usr/lib/gcc/avr/4.7.2/avr4/libgcc.a(_exit.o)
                0x0000040a                exit
                0x0000040a                _exit
 *(.fini9)
 *(.fini8)
 *(.fini8)
 *(.fini7)
 *(.fini7)
 *(.fini6)
 *(.fini6)
 *(.fini5)
 *(.fini5)
 *(.fini4)
 *(.fini4)
 *(.fini3)
 *(.fini3)
 *(.fini2)
 *(.fini2)
 *(.fini1)
 *(.fini1)
 *(.fini0)
 .fini0         0x0000040a        0x4 /usr/lib/gcc/avr/4.7.2/avr4/libgcc.a(_exit.o)
 *(.fini0)
                0x0000040e                _etext = .

.data           0x00800100       0x22 load address 0x0000040e
                0x00800100                PROVIDE (__data_start, .)
 *(.data)
 .data          0x00800100        0x0 /usr/lib/gcc/avr/4.7.2/../../../avr/lib/avr4/crtm48.o
 .data          0x00800100        0x0 bin/main.o
 .data          0x00800100        0x0 bin/lib/lcd.o
 .data          0x00800100        0x0 bin/lib/mfrc522.o
 .data          0x00800100        0x0 bin/lib/spi.o
 .data          0x00800100        0x0 /usr/lib/gcc/avr/4.7.2/avr4/libgcc.a(_divmodhi4.o)
 .data          0x00800100        0x0 /usr/lib/gcc/avr/4.7.2/avr4/libgcc.a(_exit.o)
 .data          0x00800100        0x0 /usr/lib/gcc/avr/4.7.2/avr4/libgcc.a(_copy_data.o)
 .data          0x00800100        0x0 /usr/lib/gcc/avr/4.7.2/avr4/libgcc.a(_clear_bss.o)
 .data          0x00800100        0x0 /usr/lib/gcc/avr/4.7.2/avr4/libgcc.a(_udivmodhi4.o)
 *(.data*)
 *(.rodata)
 *(.rodata*)
 .rodata.str1.1
                0x00800100       0x21 bin/main.o
 *(.gnu.linkonce.d*)
                0x00800122                . = ALIGN (0x2)
 *fill*         0x00800121        0x1 00
                0x00800122                _edata = .
                0x00800122                PROVIDE (__data_end, .)

.bss            0x00800122       0x40
                0x00800122                PROVIDE (__bss_start, .)
 *(.bss)
 .bss           0x00800122        0x0 /usr/lib/gcc/avr/4.7.2/../../../avr/lib/avr4/crtm48.o
 .bss           0x00800122        0x0 bin/main.o
 .bss           0x00800122        0x0 bin/lib/lcd.o
 .bss           0x00800122        0x0 bin/lib/mfrc522.o
 .bss           0x00800122        0x0 bin/lib/spi.o
 .bss           0x00800122        0x0 /usr/lib/gcc/avr/4.7.2/avr4/libgcc.a(_divmodhi4.o)
 .bss           0x00800122        0x0 /usr/lib/gcc/avr/4.7.2/avr4/libgcc.a(_exit.o)
 .bss           0x00800122        0x0 /usr/lib/gcc/avr/4.7.2/avr4/libgcc.a(_copy_data.o)
 .bss           0x00800122        0x0 /usr/lib/gcc/avr/4.7.2/avr4/libgcc.a(_clear_bss.o)
 .bss           0x00800122        0x0 /usr/lib/gcc/avr/4.7.2/avr4/libgcc.a(_udivmodhi4.o)
 *(.bss*)
 *(COMMON)
 COMMON         0x00800122       0x40 bin/main.o
                0x00800122                SelfTestBuffer
                0x00800162                PROVIDE (__bss_end, .)
                0x0000040e                __data_load_start = LOADADDR (.data)
                0x00000430                __data_load_end = (__data_load_start + SIZEOF (.data))

.noinit         0x00800162        0x0
                0x00800162                PROVIDE (__noinit_start, .)
 *(.noinit*)
                0x00800162                PROVIDE (__noinit_end, .)
                0x00800162                _end = .
                0x00800162                PROVIDE (__heap_start, .)

.eeprom         0x00810000        0x0
 *(.eeprom*)
                0x00810000                __eeprom_end = .

.fuse
 *(.fuse)
 *(.lfuse)
 *(.hfuse)
 *(.efuse)

.lock
 *(.lock*)

.signature
 *(.signature*)

.stab           0x00000000      0x6cc
 *(.stab)
 .stab          0x00000000      0x6cc /usr/lib/gcc/avr/4.7.2/../../../avr/lib/avr4/crtm48.o

.stabstr        0x00000000       0x54
 *(.stabstr)
 .stabstr       0x00000000       0x54 /usr/lib/gcc/avr/4.7.2/../../../avr/lib/avr4/crtm48.o

.stab.excl
 *(.stab.excl)

.stab.exclstr
 *(.stab.exclstr)

.stab.index
 *(.stab.index)

.stab.indexstr
 *(.stab.indexstr)

.comment        0x00000000       0x11
 *(.comment)
 .comment       0x00000000       0x11 bin/main.o
                                 0x12 (size before relaxing)
 .comment       0x00000000       0x12 bin/lib/lcd.o
 .comment       0x00000000       0x12 bin/lib/mfrc522.o
 .comment       0x00000000       0x12 bin/lib/spi.o

.debug
 *(.debug)

.line
 *(.line)

.debug_srcinfo
 *(.debug_srcinfo)

.debug_sfnames
 *(.debug_sfnames)

.debug_aranges  0x00000000       0x80
 *(.debug_aranges)
 .debug_aranges
                0x00000000       0x20 bin/main.o
 .debug_aranges
                0x00000020       0x20 bin/lib/lcd.o
 .debug_aranges
                0x00000040       0x20 bin/lib/mfrc522.o
 .debug_aranges
                0x00000060       0x20 bin/lib/spi.o

.debug_pubnames
 *(.debug_pubnames)

.debug_info     0x00000000      0xf21
 *(.debug_info)
 .debug_info    0x00000000      0x478 bin/main.o
 .debug_info    0x00000478      0x886 bin/lib/lcd.o
 .debug_info    0x00000cfe      0x17b bin/lib/mfrc522.o
 .debug_info    0x00000e79       0xa8 bin/lib/spi.o
 *(.gnu.linkonce.wi.*)

.debug_abbrev   0x00000000      0x5ea
 *(.debug_abbrev)
 .debug_abbrev  0x00000000      0x181 bin/main.o
 .debug_abbrev  0x00000181      0x2c7 bin/lib/lcd.o
 .debug_abbrev  0x00000448      0x12c bin/lib/mfrc522.o
 .debug_abbrev  0x00000574       0x76 bin/lib/spi.o

.debug_line     0x00000000      0x495
 *(.debug_line)
 .debug_line    0x00000000      0x12e bin/main.o
 .debug_line    0x0000012e      0x250 bin/lib/lcd.o
 .debug_line    0x0000037e       0x9a bin/lib/mfrc522.o
 .debug_line    0x00000418       0x7d bin/lib/spi.o

.debug_frame    0x00000000      0x188
 *(.debug_frame)
 .debug_frame   0x00000000       0x24 bin/main.o
 .debug_frame   0x00000024       0xcc bin/lib/lcd.o
 .debug_frame   0x000000f0       0x64 bin/lib/mfrc522.o
 .debug_frame   0x00000154       0x34 bin/lib/spi.o

.debug_str      0x00000000      0x1ff
 *(.debug_str)
 .debug_str     0x00000000      0x15e bin/main.o
                                0x197 (size before relaxing)
 .debug_str     0x0000015e       0x60 bin/lib/lcd.o
                                0x1ad (size before relaxing)
 .debug_str     0x000001be       0x33 bin/lib/mfrc522.o
                                0x102 (size before relaxing)
 .debug_str     0x000001f1        0xe bin/lib/spi.o
                                 0xca (size before relaxing)

.debug_loc      0x00000000      0x62b
 *(.debug_loc)
 .debug_loc     0x00000000       0x20 bin/main.o
 .debug_loc     0x00000020      0x541 bin/lib/lcd.o
 .debug_loc     0x00000561       0xab bin/lib/mfrc522.o
 .debug_loc     0x0000060c       0x1f bin/lib/spi.o

.debug_macinfo
 *(.debug_macinfo)
OUTPUT(bin/rfid.elf elf32-avr)
LOAD linker stubs

.debug_ranges   0x00000000       0x40
 .debug_ranges  0x00000000       0x10 bin/main.o
 .debug_ranges  0x00000010       0x30 bin/lib/lcd.o
